2026-08-31 15:00:03 新作なし（販売中26・掲載27）
2026-08-31 15:00:39 新作なし（販売中26・掲載27）
2026-08-31 15:00:39 新作なし（販売中26・掲載27）
2026-08-31 15:17:15 新作なし（販売中26・掲載27）
2026-08-31 15:17:15 新作なし（販売中26・掲載27）
2026-08-31 20:17:10 🚨 Creators Marketのログインが切れています。追加チェックできていません
2026-08-31 20:17:10 Discord通知に失敗(本体は続行): HTTP Error 403: Forbidden
2026-08-31 20:17:10 🚨 Creators Marketのログインが切れています。追加チェックできていません
2026-08-31 20:17:10 Discord通知に失敗(本体は続行): HTTP Error 403: Forbidden
2026-09-01 10:17:18 新作なし（販売中26・掲載27）
2026-09-01 10:17:18 新作なし（販売中26・掲載27）
2026-09-01 15:17:06 🚨 Creators Marketのログインが切れています。追加チェックできていません
2026-09-01 15:17:06 Discord通知に失敗(本体は続行): HTTP Error 403: Forbidden
2026-09-01 15:17:06 🚨 Creators Marketのログインが切れています。追加チェックできていません
2026-09-01 15:17:06 Discord通知に失敗(本体は続行): HTTP Error 403: Forbidden
2026-09-01 20:17:10 🚨 Creators Marketのログインが切れています。追加チェックできていません
2026-09-01 20:17:10 Discord通知に失敗(本体は続行): HTTP Error 403: Forbidden
2026-09-01 20:17:10 🚨 Creators Marketのログインが切れています。追加チェックできていません
2026-09-01 20:17:10 Discord通知に失敗(本体は続行): HTTP Error 403: Forbidden
2026-09-02 10:17:22 作者ページp2の取得に失敗: HTTP Error 404: Not Found
✅ index.html を書き出しました（33作品）
2026-09-02 10:17:24 追加してpushしました: [('まだある今どきの返事、英語つき', '💬 ことば・英語', '36259498'), ('ダジャレをうつバレーボール', '🏐 スポーツ', '36259499'), ('さびねこのきもち', '🐈 ねこシリーズ', '36259504'), ('バレーボールのおうち連絡', '🏐 スポーツ', '36259488'), ('もっとマンガでしか言わない言葉', '💬 ことば・英語', '36259482'), ('動く黄色と青のバレーボール', '🏐 スポーツ', '36257238')]
2026-09-02 10:17:25 Discord通知に失敗(本体は続行): HTTP Error 403: Forbidden
2026-09-02 10:17:22 作者ページp2の取得に失敗: HTTP Error 404: Not Found
2026-09-02 10:17:24 追加してpushしました: [('まだある今どきの返事、英語つき', '💬 ことば・英語', '36259498'), ('ダジャレをうつバレーボール', '🏐 スポーツ', '36259499'), ('さびねこのきもち', '🐈 ねこシリーズ', '36259504'), ('バレーボールのおうち連絡', '🏐 スポーツ', '36259488'), ('もっとマンガでしか言わない言葉', '💬 ことば・英語', '36259482'), ('動く黄色と青のバレーボール', '🏐 スポーツ', '36257238')]
2026-09-02 10:17:25 Discord通知に失敗(本体は続行): HTTP Error 403: Forbidden
2026-09-02 15:17:21 作者ページp3の取得に失敗: HTTP Error 404: Not Found
✅ index.html を書き出しました（38作品）
2026-09-02 15:17:23 追加してpushしました: [('スパイスのきいた辛口カレー', '🆕 そのほか', '36271417'), ('華麗なるカレーライス', '🆕 そのほか', '36271418'), ('さびねこのこんだて', '🐈 ねこシリーズ', '36271400'), ('声のケアするうるおいくじら', '🎵 声と音のなかまたち', '36271407'), ('早口言葉にちょうせんするカエル', '💬 ことば・英語', '36271374')]
2026-09-02 15:17:23 Discord通知に失敗(本体は続行): HTTP Error 403: Forbidden
2026-09-02 15:17:21 作者ページp3の取得に失敗: HTTP Error 404: Not Found
2026-09-02 15:17:23 追加してpushしました: [('スパイスのきいた辛口カレー', '🆕 そのほか', '36271417'), ('華麗なるカレーライス', '🆕 そのほか', '36271418'), ('さびねこのこんだて', '🐈 ねこシリーズ', '36271400'), ('声のケアするうるおいくじら', '🎵 声と音のなかまたち', '36271407'), ('早口言葉にちょうせんするカエル', '💬 ことば・英語', '36271374')]
2026-09-02 15:17:23 Discord通知に失敗(本体は続行): HTTP Error 403: Forbidden
2026-09-02 20:17:22 新作なし（販売中37・掲載38）
2026-09-02 20:17:22 新作なし（販売中37・掲載38）
2026-09-03 10:17:22 新作なし（販売中37・掲載38）
2026-09-03 10:17:22 新作なし（販売中37・掲載38）
2026-09-03 15:17:10 🚨 Creators Marketのログインが切れています。追加チェックできていません
2026-09-03 15:17:10 Discord通知に失敗(本体は続行): HTTP Error 403: Forbidden
2026-09-03 15:17:10 🚨 Creators Marketのログインが切れています。追加チェックできていません
2026-09-03 15:17:10 Discord通知に失敗(本体は続行): HTTP Error 403: Forbidden
2026-09-03 20:17:07 🚨 Creators Marketのログインが切れています。追加チェックできていません
2026-09-03 20:17:07 Discord通知に失敗(本体は続行): HTTP Error 403: Forbidden
2026-09-03 20:17:07 🚨 Creators Marketのログインが切れています。追加チェックできていません
2026-09-03 20:17:07 Discord通知に失敗(本体は続行): HTTP Error 403: Forbidden
2026-09-04 10:17:20 作者ページp3の取得に失敗: HTTP Error 404: Not Found
✅ index.html を書き出しました（43作品）
2026-09-04 10:17:23 追加してpushしました: [('いまでたナマケモノ', '🆕 そのほか', '36298552'), ('おばけかぼちゃのハロウィン返事', '💬 ことば・英語', '36298563'), ('お月見うさぎの秋のあいさつ', '🆕 そのほか', '36298557'), ('大きな文字のかめの返事', '💬 ことば・英語', '36298544'), ('さびねこのおでかけ連絡', '🐈 ねこシリーズ', '36298560')]
2026-09-04 10:17:23 Discord通知に失敗(本体は続行): HTTP Error 403: Forbidden
2026-09-04 10:17:20 作者ページp3の取得に失敗: HTTP Error 404: Not Found
2026-09-04 10:17:23 追加してpushしました: [('いまでたナマケモノ', '🆕 そのほか', '36298552'), ('おばけかぼちゃのハロウィン返事', '💬 ことば・英語', '36298563'), ('お月見うさぎの秋のあいさつ', '🆕 そのほか', '36298557'), ('大きな文字のかめの返事', '💬 ことば・英語', '36298544'), ('さびねこのおでかけ連絡', '🐈 ねこシリーズ', '36298560')]
2026-09-04 10:17:23 Discord通知に失敗(本体は続行): HTTP Error 403: Forbidden
2026-09-04 15:17:21 作者ページp3の取得に失敗: HTTP Error 404: Not Found
✅ index.html を書き出しました（48作品）
2026-09-04 15:17:23 追加してpushしました: [('おめでとうを盛るクジャク', '🆕 そのほか', '36322130'), ('了解しまシカ', '🆕 そのほか', '36322117'), ('心配しすぎるひつじ', '🆕 そのほか', '36322119'), ('ほくほく焼きいもの返事', '💬 ことば・英語', '36322131'), ('さびねこのおつかれさま', '🐈 ねこシリーズ', '36322116')]
2026-09-04 15:17:23 Discord通知に失敗(本体は続行): HTTP Error 403: Forbidden
2026-09-04 15:17:21 作者ページp3の取得に失敗: HTTP Error 404: Not Found
2026-09-04 15:17:23 追加してpushしました: [('おめでとうを盛るクジャク', '🆕 そのほか', '36322130'), ('了解しまシカ', '🆕 そのほか', '36322117'), ('心配しすぎるひつじ', '🆕 そのほか', '36322119'), ('ほくほく焼きいもの返事', '💬 ことば・英語', '36322131'), ('さびねこのおつかれさま', '🐈 ねこシリーズ', '36322116')]
2026-09-04 15:17:23 Discord通知に失敗(本体は続行): HTTP Error 403: Forbidden
2026-09-04 20:17:09 🚨 Creators Marketのログインが切れています。追加チェックできていません
2026-09-04 20:17:09 Discord通知に失敗(本体は続行): HTTP Error 403: Forbidden
2026-09-04 20:17:09 🚨 Creators Marketのログインが切れています。追加チェックできていません
2026-09-04 20:17:09 Discord通知に失敗(本体は続行): HTTP Error 403: Forbidden
2026-09-05 10:17:21 新作なし（販売中47・掲載48）
2026-09-05 10:17:21 新作なし（販売中47・掲載48）
2026-09-05 15:17:23 新作なし（販売中47・掲載48）
2026-09-05 15:17:23 新作なし（販売中47・掲載48）
2026-09-05 20:17:20 新作なし（販売中47・掲載48）
2026-09-05 20:17:20 新作なし（販売中47・掲載48）
2026-09-06 10:17:20 新作なし（販売中47・掲載48）
2026-09-06 10:17:20 新作なし（販売中47・掲載48）
2026-09-06 15:17:22 新作なし（販売中47・掲載48）
2026-09-06 15:17:22 新作なし（販売中47・掲載48）
2026-09-06 20:17:21 新作なし（販売中47・掲載48）
2026-09-06 20:17:21 新作なし（販売中47・掲載48）
2026-09-07 10:17:10 🚨 Creators Marketのログインが切れています。追加チェックできていません
2026-09-07 10:17:10 Discord通知に失敗(本体は続行): HTTP Error 403: Forbidden
2026-09-07 10:17:10 🚨 Creators Marketのログインが切れています。追加チェックできていません
2026-09-07 10:17:10 Discord通知に失敗(本体は続行): HTTP Error 403: Forbidden
2026-09-07 15:17:07 🚨 Creators Marketのログインが切れています。追加チェックできていません
2026-09-07 15:17:07 Discord通知に失敗(本体は続行): HTTP Error 403: Forbidden
2026-09-07 15:17:07 🚨 Creators Marketのログインが切れています。追加チェックできていません
2026-09-07 15:17:07 Discord通知に失敗(本体は続行): HTTP Error 403: Forbidden
2026-09-07 20:17:08 新作なし（販売中0・掲載48）
2026-09-07 20:17:08 新作なし（販売中0・掲載48）
2026-09-08 10:17:21 作者ページp3の取得に失敗: HTTP Error 404: Not Found
✅ index.html を書き出しました（50作品）
2026-09-08 10:17:23 追加してpushしました: [('毎日つかえるありがとウサギ', '🆕 そのほか', '36395600'), ('さびねこの秋', '🐈 ねこシリーズ', '36395555')]
2026-09-08 10:17:23 Discord通知に失敗(本体は続行): HTTP Error 403: Forbidden
2026-09-08 10:17:21 作者ページp3の取得に失敗: HTTP Error 404: Not Found
2026-09-08 10:17:23 追加してpushしました: [('毎日つかえるありがとウサギ', '🆕 そのほか', '36395600'), ('さびねこの秋', '🐈 ねこシリーズ', '36395555')]
2026-09-08 10:17:23 Discord通知に失敗(本体は続行): HTTP Error 403: Forbidden
2026-09-08 15:17:22 作者ページp3の取得に失敗: HTTP Error 404: Not Found
2026-09-08 15:17:22 販売中だがストア未掲載（次回まで待つ）: ['博多弁のあまえんぼ明太子', 'すみまセンザンコウ', 'さびねこの関西弁', 'うごかないアザラシの返事', '敬語がこわれた犬']
2026-09-08 15:17:22 作者ページp3の取得に失敗: HTTP Error 404: Not Found
2026-09-08 15:17:22 販売中だがストア未掲載（次回まで待つ）: ['博多弁のあまえんぼ明太子', 'すみまセンザンコウ', 'さびねこの関西弁', 'うごかないアザラシの返事', '敬語がこわれた犬']
2026-09-08 20:17:21 作者ページp3の取得に失敗: HTTP Error 404: Not Found
✅ index.html を書き出しました（55作品）
2026-09-08 20:17:23 追加してpushしました: [('博多弁のあまえんぼ明太子', '🗾 方言・ご当地', '36413002'), ('すみまセンザンコウ', '🆕 そのほか', '36413014'), ('さびねこの関西弁', '🐈 ねこシリーズ', '36413001'), ('うごかないアザラシの返事', '💬 ことば・英語', '36413000'), ('敬語がこわれた犬', '🆕 そのほか', '36413003')]
2026-09-08 20:17:23 Discord通知に失敗(本体は続行): HTTP Error 403: Forbidden
2026-09-08 20:17:21 作者ページp3の取得に失敗: HTTP Error 404: Not Found
2026-09-08 20:17:23 追加してpushしました: [('博多弁のあまえんぼ明太子', '🗾 方言・ご当地', '36413002'), ('すみまセンザンコウ', '🆕 そのほか', '36413014'), ('さびねこの関西弁', '🐈 ねこシリーズ', '36413001'), ('うごかないアザラシの返事', '💬 ことば・英語', '36413000'), ('敬語がこわれた犬', '🆕 そのほか', '36413003')]
2026-09-08 20:17:23 Discord通知に失敗(本体は続行): HTTP Error 403: Forbidden
2026-09-09 10:17:25 作者ページp3の取得に失敗: HTTP Error 404: Not Found
✅ index.html を書き出しました（59作品）
2026-09-09 10:17:27 追加してpushしました: [('毎晩つかえるおやすミミズク', '🆕 そのほか', '36439648'), ('自販機の人生訓', '🆕 そのほか', '36439649'), ('秋田弁のくま', '🗾 方言・ご当地', '36439630'), ('さびねこのあいさつ', '🐈 ねこシリーズ', '36439618')]
2026-09-09 10:17:27 Discord通知に失敗(本体は続行): HTTP Error 403: Forbidden
2026-09-09 10:17:25 作者ページp3の取得に失敗: HTTP Error 404: Not Found
2026-09-09 10:17:27 追加してpushしました: [('毎晩つかえるおやすミミズク', '🆕 そのほか', '36439648'), ('自販機の人生訓', '🆕 そのほか', '36439649'), ('秋田弁のくま', '🗾 方言・ご当地', '36439630'), ('さびねこのあいさつ', '🐈 ねこシリーズ', '36439618')]
2026-09-09 10:17:27 Discord通知に失敗(本体は続行): HTTP Error 403: Forbidden
2026-09-09 15:17:27 作者ページp3の取得に失敗: HTTP Error 404: Not Found
✅ index.html を書き出しました（60作品）
2026-09-09 15:17:29 追加してpushしました: [('敬語すぎるゴリラ', '🆕 そのほか', '36439616')]
2026-09-09 15:17:29 Discord通知に失敗(本体は続行): HTTP Error 403: Forbidden
2026-09-09 15:17:27 作者ページp3の取得に失敗: HTTP Error 404: Not Found
2026-09-09 15:17:29 追加してpushしました: [('敬語すぎるゴリラ', '🆕 そのほか', '36439616')]
2026-09-09 15:17:29 Discord通知に失敗(本体は続行): HTTP Error 403: Forbidden
2026-09-09 20:17:28 新作なし（販売中59・掲載60）
2026-09-09 20:17:28 新作なし（販売中59・掲載60）
2026-09-10 10:17:27 新作なし（販売中59・掲載60）
2026-09-10 10:17:27 新作なし（販売中59・掲載60）
2026-09-10 15:17:40 作者ページp3の取得に失敗: HTTP Error 404: Not Found
✅ index.html を書き出しました（67作品）
2026-09-10 15:17:43 追加してpushしました: [('バレーボールの応援リアクション', '🏐 スポーツ', '36474870'), ('湯のみのダジャレ', '🆕 そのほか', '36474016'), ('圧が強いくじゃく', '🆕 そのほか', '36474024'), ('ただいマンボウ', '🆕 そのほか', '36474031'), ('ぜんぶ秋のせいにする栗', '🆕 そのほか', '36472997'), ('おねがイルカ', '🆕 そのほか', '36472999'), ('既読だけつける貝', '🆕 そのほか', '36472991')]
2026-09-10 15:17:44 Discord通知に失敗(本体は続行): HTTP Error 403: Forbidden
2026-09-10 15:17:40 作者ページp3の取得に失敗: HTTP Error 404: Not Found
2026-09-10 15:17:43 追加してpushしました: [('バレーボールの応援リアクション', '🏐 スポーツ', '36474870'), ('湯のみのダジャレ', '🆕 そのほか', '36474016'), ('圧が強いくじゃく', '🆕 そのほか', '36474024'), ('ただいマンボウ', '🆕 そのほか', '36474031'), ('ぜんぶ秋のせいにする栗', '🆕 そのほか', '36472997'), ('おねがイルカ', '🆕 そのほか', '36472999'), ('既読だけつける貝', '🆕 そのほか', '36472991')]
2026-09-10 15:17:44 Discord通知に失敗(本体は続行): HTTP Error 403: Forbidden
2026-09-10 20:17:23 作者ページp3の取得に失敗: HTTP Error 404: Not Found
✅ index.html を書き出しました（68作品）
2026-09-10 20:17:25 追加してpushしました: [('日めくりの煽り', '🆕 そのほか', '36474026')]
2026-09-10 20:17:26 Discord通知に失敗(本体は続行): HTTP Error 403: Forbidden
2026-09-10 20:17:23 作者ページp3の取得に失敗: HTTP Error 404: Not Found
2026-09-10 20:17:25 追加してpushしました: [('日めくりの煽り', '🆕 そのほか', '36474026')]
2026-09-10 20:17:26 Discord通知に失敗(本体は続行): HTTP Error 403: Forbidden
2026-09-11 10:17:23 作者ページp3の取得に失敗: HTTP Error 404: Not Found
2026-09-11 10:17:23 販売中だがストア未掲載（次回まで待つ）: ['ぐぬぬちゃんの動くマンガ擬音', 'うごく！まるいやつのお返事']
2026-09-11 10:17:23 作者ページp3の取得に失敗: HTTP Error 404: Not Found
2026-09-11 10:17:23 販売中だがストア未掲載（次回まで待つ）: ['ぐぬぬちゃんの動くマンガ擬音', 'うごく！まるいやつのお返事']
✅ index.html を書き出しました（79作品）
2026-09-11 15:17:28 追加してpushしました: [('話を聞かないインコ', '🆕 そのほか', '36500955'), ('おかえリス', '🆕 そのほか', '36500906'), ('おどかすのが下手なおばけ', '🆕 そのほか', '36500916'), ('まんまるお月見だんご', '🆕 そのほか', '36500899'), ('文字なしで伝わるクマ', '🆕 そのほか', '36498762'), ('仕事で言えないマンガの言葉', '💬 ことば・英語', '36498764'), ('マンガの効果音だけで会話する', '🎵 声と音のなかまたち', '36498754'), ('ぐぬぬちゃんの全力よしよし', '🆕 そのほか', '36496922'), ('ぐぬぬちゃんの動くマンガ擬音', '🎵 声と音のなかまたち', '36491616'), ('うごく！まるいやつのお返事', '💬 ことば・英語', '36491617')]
2026-09-11 15:17:28 Discord通知に失敗(本体は続行): HTTP Error 403: Forbidden
2026-09-11 15:17:28 追加してpushしました: [('話を聞かないインコ', '🆕 そのほか', '36500955'), ('おかえリス', '🆕 そのほか', '36500906'), ('おどかすのが下手なおばけ', '🆕 そのほか', '36500916'), ('まんまるお月見だんご', '🆕 そのほか', '36500899'), ('文字なしで伝わるクマ', '🆕 そのほか', '36498762'), ('仕事で言えないマンガの言葉', '💬 ことば・英語', '36498764'), ('マンガの効果音だけで会話する', '🎵 声と音のなかまたち', '36498754'), ('ぐぬぬちゃんの全力よしよし', '🆕 そのほか', '36496922'), ('ぐぬぬちゃんの動くマンガ擬音', '🎵 声と音のなかまたち', '36491616'), ('うごく！まるいやつのお返事', '💬 ことば・英語', '36491617')]
2026-09-11 15:17:28 Discord通知に失敗(本体は続行): HTTP Error 403: Forbidden
✅ index.html を書き出しました（85作品）
2026-09-11 20:17:29 追加してpushしました: [('寒暖差にやられるアルパカ', '🆕 そのほか', '36500913'), ('うごくだけのバレーボール', '🏐 スポーツ', '36509437'), ('劇画バレーボールの熱い声援', '🏐 スポーツ', '36507506'), ('謎の動きをするバレーボール', '🏐 スポーツ', '36507463'), ('やる気ゼロのバレーボール', '🏐 スポーツ', '36507468'), ('バレーボールの全力スイッチ', '🏐 スポーツ', '36506891')]
2026-09-11 20:17:29 Discord通知に失敗(本体は続行): HTTP Error 403: Forbidden
2026-09-11 20:17:29 追加してpushしました: [('寒暖差にやられるアルパカ', '🆕 そのほか', '36500913'), ('うごくだけのバレーボール', '🏐 スポーツ', '36509437'), ('劇画バレーボールの熱い声援', '🏐 スポーツ', '36507506'), ('謎の動きをするバレーボール', '🏐 スポーツ', '36507463'), ('やる気ゼロのバレーボール', '🏐 スポーツ', '36507468'), ('バレーボールの全力スイッチ', '🏐 スポーツ', '36506891')]
2026-09-11 20:17:29 Discord通知に失敗(本体は続行): HTTP Error 403: Forbidden
2026-09-12 10:17:08 🚨 Creators Marketのログインが切れています。追加チェックできていません
2026-09-12 10:17:08 Discord通知に失敗(本体は続行): HTTP Error 403: Forbidden
2026-09-12 10:17:08 🚨 Creators Marketのログインが切れています。追加チェックできていません
2026-09-12 10:17:08 Discord通知に失敗(本体は続行): HTTP Error 403: Forbidden
2026-09-12 15:17:09 🚨 Creators Marketのログインが切れています。追加チェックできていません
2026-09-12 15:17:09 Discord通知に失敗(本体は続行): HTTP Error 403: Forbidden
2026-09-12 15:17:09 🚨 Creators Marketのログインが切れています。追加チェックできていません
2026-09-12 15:17:09 Discord通知に失敗(本体は続行): HTTP Error 403: Forbidden
2026-09-12 20:17:10 🚨 Creators Marketのログインが切れています。追加チェックできていません
2026-09-12 20:17:10 Discord通知に失敗(本体は続行): HTTP Error 403: Forbidden
2026-09-12 20:17:10 🚨 Creators Marketのログインが切れています。追加チェックできていません
2026-09-12 20:17:10 Discord通知に失敗(本体は続行): HTTP Error 403: Forbidden
2026-09-13 10:17:10 🚨 Creators Marketのログインが切れています。追加チェックできていません
2026-09-13 10:17:10 Discord通知に失敗(本体は続行): HTTP Error 403: Forbidden
2026-09-13 10:17:10 🚨 Creators Marketのログインが切れています。追加チェックできていません
2026-09-13 10:17:10 Discord通知に失敗(本体は続行): HTTP Error 403: Forbidden
2026-09-13 15:17:07 🚨 Creators Marketのログインが切れています。追加チェックできていません
2026-09-13 15:17:07 Discord通知に失敗(本体は続行): HTTP Error 403: Forbidden
2026-09-13 15:17:07 🚨 Creators Marketのログインが切れています。追加チェックできていません
2026-09-13 15:17:07 Discord通知に失敗(本体は続行): HTTP Error 403: Forbidden
2026-09-13 20:17:07 🚨 Creators Marketのログインが切れています。追加チェックできていません
2026-09-13 20:17:07 Discord通知に失敗(本体は続行): HTTP Error 403: Forbidden
2026-09-13 20:17:07 🚨 Creators Marketのログインが切れています。追加チェックできていません
2026-09-13 20:17:07 Discord通知に失敗(本体は続行): HTTP Error 403: Forbidden
2026-09-14 10:17:07 🚨 Creators Marketのログインが切れています。追加チェックできていません
2026-09-14 10:17:07 Discord通知に失敗(本体は続行): HTTP Error 403: Forbidden
2026-09-14 10:17:07 🚨 Creators Marketのログインが切れています。追加チェックできていません
2026-09-14 10:17:07 Discord通知に失敗(本体は続行): HTTP Error 403: Forbidden
2026-09-14 15:17:08 🚨 Creators Marketのログインが切れています。追加チェックできていません
2026-09-14 15:17:08 Discord通知に失敗(本体は続行): HTTP Error 403: Forbidden
2026-09-14 15:17:08 🚨 Creators Marketのログインが切れています。追加チェックできていません
2026-09-14 15:17:08 Discord通知に失敗(本体は続行): HTTP Error 403: Forbidden
2026-09-14 20:17:06 🚨 Creators Marketのログインが切れています。追加チェックできていません
2026-09-14 20:17:06 Discord通知に失敗(本体は続行): HTTP Error 403: Forbidden
2026-09-14 20:17:06 🚨 Creators Marketのログインが切れています。追加チェックできていません
2026-09-14 20:17:06 Discord通知に失敗(本体は続行): HTTP Error 403: Forbidden
2026-09-15 10:17:06 🚨 Creators Marketのログインが切れています。追加チェックできていません
2026-09-15 10:17:06 Discord通知に失敗(本体は続行): HTTP Error 403: Forbidden
2026-09-15 10:17:06 🚨 Creators Marketのログインが切れています。追加チェックできていません
2026-09-15 10:17:06 Discord通知に失敗(本体は続行): HTTP Error 403: Forbidden
2026-09-15 15:17:10 🚨 Creators Marketのログインが切れています。追加チェックできていません
2026-09-15 15:17:10 Discord通知に失敗(本体は続行): HTTP Error 403: Forbidden
2026-09-15 15:17:10 🚨 Creators Marketのログインが切れています。追加チェックできていません
2026-09-15 15:17:10 Discord通知に失敗(本体は続行): HTTP Error 403: Forbidden
2026-09-15 20:17:09 新作なし（販売中0・掲載85）
2026-09-15 20:17:09 新作なし（販売中0・掲載85）
2026-09-16 10:17:09 新作なし（販売中0・掲載85）
2026-09-16 10:17:09 新作なし（販売中0・掲載85）
2026-09-16 15:17:08 新作なし（販売中0・掲載85）
2026-09-16 15:17:08 新作なし（販売中0・掲載85）
2026-09-16 20:17:08 🚨 Creators Marketのログインが切れています。追加チェックできていません
sent 1549740922726654013
2026-09-16 20:17:08 🚨 Creators Marketのログインが切れています。追加チェックできていません
✅ index.html を書き出しました（133作品）
2026-09-17 10:17:41 追加してpushしました: [('見栄っぱりナスのじまん話', '🆕 そのほか', '36646038'), ('毒舌インコの関西弁返し', '🗾 方言・ご当地', '36646046'), ('赤白帽の運動会あいさつ', '🆕 そのほか', '36646032'), ('のんびりコアラの気づかい返事', '💬 ことば・英語', '36646030'), ('秋刀魚がよろこぶ秋のあいさつ', '🆕 そのほか', '36646058'), ('バスケットボールの毎日あいさつ', '🆕 そのほか', '36646026'), ('シャトルくんの毎日あいさつ', '🆕 そのほか', '36646003'), ('束縛ぎみタコの毎日べったり', '🆕 そのほか', '36635396'), ('根に持つハムスターの頬袋', '🆕 そのほか', '36635381'), ('毎日つかえるなんくるナイチンゲール', '🆕 そのほか', '36635384'), ('どんぐりの紅葉びより', '🆕 そのほか', '36635370'), ('金木犀のいい香り日和', '🆕 そのほか', '36635367'), ('毎日使えるサッカーボールのあいさつ', '🏐 スポーツ', '36635351'), ('野球バットのダジャレ返事', '🏐 スポーツ', '36635353'), ('毎日使えるバレーボールくんの擬音返事', '🏐 スポーツ', '36635340'), ('シャトルくんの応援コール', '🆕 そのほか', '36635349'), ('テニスラケットくんの毎日あいさつ', '🏐 スポーツ', '36635329'), ('毎日使えるのんびりガメの返事', '💬 ことば・英語', '36635173'), ('本好きふくろうのひとこと', '🆕 そのほか', '36635171'), ('サッカーボールの擬音づかい', '🏐 スポーツ', '36635158'), ('野球バットの応援ことば', '🏐 スポーツ', '36634453'), ('バレーボールくんの毎日返事', '🏐 スポーツ', '36634447'), ('ひとこと多いブロッコリー', '🆕 そのほか', '36634465'), ('ず〜っと使えるキリンのごあいさつ', '🆕 そのほか', '36634440'), ('だいじょうブタ', '🆕 そのほか', '36634460'), ('芸術の秋のカメレオン', '🆕 そのほか', '36634449'), ('こうもりのハロウィンあいさつ', '🆕 そのほか', '36628772'), ('毎日使えるほめ上手なカピバラ', '🆕 そのほか', '36628782'), ('毎日使える北海道弁のシマエナガ', '🗾 方言・ご当地', '36628763'), ('秋を背負うハリネズミ', '🆕 そのほか', '36635985'), ('日常で使えるクラゲの気づかい', '🆕 そのほか', '36634439'), ('ふくれっつらのフグ', '🆕 そのほか', '36628757'), ('毎日使えるでか文字の付箋', '🆕 そのほか', '36608410'), ('はんこの承認と差し戻し', '🆕 そのほか', '36608362'), ('回覧板のおしらせ', '🆕 そのほか', '36608427'), ('毎日のシフト連絡ひよこ', '🆕 そのほか', '36608411'), ('会議中のハムスター', '🆕 そのほか', '36608390'), ('口が悪いねこの業務連絡', '🐈 ねこシリーズ', '36608431'), ('広島弁の業務連絡', '🗾 方言・ご当地', '36608347'), ('きつねの秋のおしらせ', '🆕 そのほか', '36589057'), ('毎日使える気づかいの業務連絡', '🆕 そのほか', '36589054'), ('つかれたコピー機の業務連絡', '🆕 そのほか', '36589060'), ('せかさないくじらの相づち', '🆕 そのほか', '36553299'), ('運動の秋にやる気だけあるパンダ', '🆕 そのほか', '36553296'), ('食欲の秋にまけるたぬき', '🆕 そのほか', '36553294'), ('お天気に文句を言うてるてる坊主', '🆕 そのほか', '36553305'), ('さびねこのハロウィン', '🐈 ねこシリーズ', '36553288'), ('劇画バレー情熱応援', '🏐 スポーツ', '36508852')]
sent 1549952457424240710
2026-09-17 10:17:41 追加してpushしました: [('見栄っぱりナスのじまん話', '🆕 そのほか', '36646038'), ('毒舌インコの関西弁返し', '🗾 方言・ご当地', '36646046'), ('赤白帽の運動会あいさつ', '🆕 そのほか', '36646032'), ('のんびりコアラの気づかい返事', '💬 ことば・英語', '36646030'), ('秋刀魚がよろこぶ秋のあいさつ', '🆕 そのほか', '36646058'), ('バスケットボールの毎日あいさつ', '🆕 そのほか', '36646026'), ('シャトルくんの毎日あいさつ', '🆕 そのほか', '36646003'), ('束縛ぎみタコの毎日べったり', '🆕 そのほか', '36635396'), ('根に持つハムスターの頬袋', '🆕 そのほか', '36635381'), ('毎日つかえるなんくるナイチンゲール', '🆕 そのほか', '36635384'), ('どんぐりの紅葉びより', '🆕 そのほか', '36635370'), ('金木犀のいい香り日和', '🆕 そのほか', '36635367'), ('毎日使えるサッカーボールのあいさつ', '🏐 スポーツ', '36635351'), ('野球バットのダジャレ返事', '🏐 スポーツ', '36635353'), ('毎日使えるバレーボールくんの擬音返事', '🏐 スポーツ', '36635340'), ('シャトルくんの応援コール', '🆕 そのほか', '36635349'), ('テニスラケットくんの毎日あいさつ', '🏐 スポーツ', '36635329'), ('毎日使えるのんびりガメの返事', '💬 ことば・英語', '36635173'), ('本好きふくろうのひとこと', '🆕 そのほか', '36635171'), ('サッカーボールの擬音づかい', '🏐 スポーツ', '36635158'), ('野球バットの応援ことば', '🏐 スポーツ', '36634453'), ('バレーボールくんの毎日返事', '🏐 スポーツ', '36634447'), ('ひとこと多いブロッコリー', '🆕 そのほか', '36634465'), ('ず〜っと使えるキリンのごあいさつ', '🆕 そのほか', '36634440'), ('だいじょうブタ', '🆕 そのほか', '36634460'), ('芸術の秋のカメレオン', '🆕 そのほか', '36634449'), ('こうもりのハロウィンあいさつ', '🆕 そのほか', '36628772'), ('毎日使えるほめ上手なカピバラ', '🆕 そのほか', '36628782'), ('毎日使える北海道弁のシマエナガ', '🗾 方言・ご当地', '36628763'), ('秋を背負うハリネズミ', '🆕 そのほか', '36635985'), ('日常で使えるクラゲの気づかい', '🆕 そのほか', '36634439'), ('ふくれっつらのフグ', '🆕 そのほか', '36628757'), ('毎日使えるでか文字の付箋', '🆕 そのほか', '36608410'), ('はんこの承認と差し戻し', '🆕 そのほか', '36608362'), ('回覧板のおしらせ', '🆕 そのほか', '36608427'), ('毎日のシフト連絡ひよこ', '🆕 そのほか', '36608411'), ('会議中のハムスター', '🆕 そのほか', '36608390'), ('口が悪いねこの業務連絡', '🐈 ねこシリーズ', '36608431'), ('広島弁の業務連絡', '🗾 方言・ご当地', '36608347'), ('きつねの秋のおしらせ', '🆕 そのほか', '36589057'), ('毎日使える気づかいの業務連絡', '🆕 そのほか', '36589054'), ('つかれたコピー機の業務連絡', '🆕 そのほか', '36589060'), ('せかさないくじらの相づち', '🆕 そのほか', '36553299'), ('運動の秋にやる気だけあるパンダ', '🆕 そのほか', '36553296'), ('食欲の秋にまけるたぬき', '🆕 そのほか', '36553294'), ('お天気に文句を言うてるてる坊主', '🆕 そのほか', '36553305'), ('さびねこのハロウィン', '🐈 ねこシリーズ', '36553288'), ('劇画バレー情熱応援', '🏐 スポーツ', '36508852')]
2026-09-17 15:17:10 🚨 Creators Marketのログインが切れています。追加チェックできていません
sent 1550027821961715845
2026-09-17 15:17:10 🚨 Creators Marketのログインが切れています。追加チェックできていません
2026-09-17 20:17:10 🚨 Creators Marketのログインが切れています。追加チェックできていません
sent 1550103319052157059
2026-09-17 20:17:10 🚨 Creators Marketのログインが切れています。追加チェックできていません
✅ index.html を書き出しました（138作品）
2026-09-18 10:17:38 追加してpushしました: [('きづかい上手なフラミンゴ', '👋 あいさつ・返事', '36671852'), ('ぼやくカラスの本音トーク', '👋 あいさつ・返事', '36671849'), ('テニスラケットのダジャレ返事', '🏐 スポーツ・応援', '36652086'), ('サッカーボールの応援コール', '🏐 スポーツ・応援', '36652136'), ('野球バットくんの毎日あいさつ', '🏐 スポーツ・応援', '36652079')]
sent 1550314827895799869
2026-09-18 10:17:38 追加してpushしました: [('きづかい上手なフラミンゴ', '👋 あいさつ・返事', '36671852'), ('ぼやくカラスの本音トーク', '👋 あいさつ・返事', '36671849'), ('テニスラケットのダジャレ返事', '🏐 スポーツ・応援', '36652086'), ('サッカーボールの応援コール', '🏐 スポーツ・応援', '36652136'), ('野球バットくんの毎日あいさつ', '🏐 スポーツ・応援', '36652079')]
✅ index.html を書き出しました（146作品）
2026-09-18 15:17:45 追加してpushしました: [('こだわりピーマンのうんちくトーク', '👋 あいさつ・返事', '36675750'), ('せっかちラッコのはやくはやく', '👋 あいさつ・返事', '36675759'), ('衣替えのマフラーくん', '👋 あいさつ・返事', '36675760'), ('バスケットボールの応援メッセージ', '🏐 スポーツ・応援', '36675738'), ('シャトルくんのダジャレ返事', '🏐 スポーツ・応援', '36675735'), ('テニスラケットの応援メッセージ', '🏐 スポーツ・応援', '36675736'), ('サッカーボールのダジャレ返事', '🏐 スポーツ・応援', '36675742'), ('野球バットくんの擬音返事', '🏐 スポーツ・応援', '36675733')]
sent 1550390354489122848
2026-09-18 15:17:45 追加してpushしました: [('こだわりピーマンのうんちくトーク', '👋 あいさつ・返事', '36675750'), ('せっかちラッコのはやくはやく', '👋 あいさつ・返事', '36675759'), ('衣替えのマフラーくん', '👋 あいさつ・返事', '36675760'), ('バスケットボールの応援メッセージ', '🏐 スポーツ・応援', '36675738'), ('シャトルくんのダジャレ返事', '🏐 スポーツ・応援', '36675735'), ('テニスラケットの応援メッセージ', '🏐 スポーツ・応援', '36675736'), ('サッカーボールのダジャレ返事', '🏐 スポーツ・応援', '36675742'), ('野球バットくんの擬音返事', '🏐 スポーツ・応援', '36675733')]
2026-09-18 20:17:39 新作なし（販売中144・掲載146）
2026-09-18 20:17:39 新作なし（販売中144・掲載146）
2026-09-19 10:17:10 新作なし（販売中0・掲載146）
2026-09-19 10:17:10 新作なし（販売中0・掲載146）
✅ index.html を書き出しました（148作品）
2026-09-19 15:17:48 追加してpushしました: [('渋柿系男子の不器用なひとこと', '👋 あいさつ・返事', '36697036'), ('無気力ヤモリの本音つぶやき', '👋 あいさつ・返事', '36697024')]
sent 1550752757919776860
2026-09-19 15:17:48 追加してpushしました: [('渋柿系男子の不器用なひとこと', '👋 あいさつ・返事', '36697036'), ('無気力ヤモリの本音つぶやき', '👋 あいさつ・返事', '36697024')]
2026-09-19 20:17:51 新作なし（販売中146・掲載148）
2026-09-19 20:17:51 新作なし（販売中146・掲載148）
2026-09-20 10:17:10 新作なし（販売中0・掲載148）
2026-09-20 10:17:10 新作なし（販売中0・掲載148）
2026-09-20 15:17:10 新作なし（販売中0・掲載148）
2026-09-20 15:17:10 新作なし（販売中0・掲載148）
2026-09-20 20:17:10 🚨 Creators Marketのログインが切れています。追加チェックできていません
sent 1551190481717952664
2026-09-20 20:17:10 🚨 Creators Marketのログインが切れています。追加チェックできていません
2026-09-21 10:17:10 🚨 Creators Marketのログインが切れています。追加チェックできていません
sent 1551401875960627256
2026-09-21 10:17:10 🚨 Creators Marketのログインが切れています。追加チェックできていません
2026-09-21 15:17:11 🚨 Creators Marketのログインが切れています。追加チェックできていません
2026-09-21 15:17:11 🚨 Creators Marketのログインが切れています。追加チェックできていません
2026-09-21 20:17:11 🚨 Creators Marketのログインが切れています。追加チェックできていません
2026-09-21 20:17:11 🚨 Creators Marketのログインが切れています。追加チェックできていません
2026-09-22 10:17:11 🚨 Creators Marketのログインが切れています。追加チェックできていません
sent 1551764270893498519
2026-09-22 10:17:11 🚨 Creators Marketのログインが切れています。追加チェックできていません
2026-09-22 15:17:11 🚨 Creators Marketのログインが切れています。追加チェックできていません
2026-09-22 15:17:11 🚨 Creators Marketのログインが切れています。追加チェックできていません
2026-09-22 20:17:10 🚨 Creators Marketのログインが切れています。追加チェックできていません
2026-09-22 20:17:10 🚨 Creators Marketのログインが切れています。追加チェックできていません
2026-09-23 10:17:42 販売中だがストア未掲載（次回まで待つ）: ['ひらひらいちょうの秋の毎日返事', '秋の夜長スズムシの毎日返事', 'そっと気づかうアマガエルの返事', 'ひっそりきのこの毎日返事', 'やさしいゾウの毎日使える気づかい']
✅ index.html を書き出しました（183作品）
2026-09-23 10:17:44 追加してpushしました: [('やさぐれカモノハシの毎日ぼやき', '👋 あいさつ・返事', '36793324'), ('毎日使えるちいさな神さまの返事', '👋 あいさつ・返事', '36786243'), ('ほめてほしがりオットセイの毎日返事', '👋 あいさつ・返事', '36786231'), ('こたつむりのぬくぬく毎日返事', '👋 あいさつ・返事', '36786233'), ('ラグビーボールくんの毎日応援ワード', '🏐 スポーツ・応援', '36786226'), ('ゴルフボールくんの毎日ダジャレ返事', '👋 あいさつ・返事', '36786215'), ('ビート板くんの毎日あいさつ', '👋 あいさつ・返事', '36786224'), ('卓球ラケットくんの擬音返事', '👋 あいさつ・返事', '36786216'), ('ため息ハシビロコウのぼそっと返事', '👋 あいさつ・返事', '36786193'), ('全力で味方する大型犬の毎日返事', '👋 あいさつ・返事', '36769636'), ('あざといウーパールーパーの毎日返事', '👋 あいさつ・返事', '36769642'), ('毎日使えるミイラくんのハロウィン返事', '🍂 季節・行事', '36769637'), ('ゴルフボールくんの毎日応援ワード', '🏐 スポーツ・応援', '36769639'), ('毎日使えるリレーバトンくんの擬音返事', '👋 あいさつ・返事', '36769613'), ('ビート板くんのダジャレ返事', '👋 あいさつ・返事', '36769616'), ('卓球ラケットくんの毎日あいさつ', '👋 あいさつ・返事', '36769610'), ('月曜がしんどい食パンの毎日ぼやき', '👋 あいさつ・返事', '36779378'), ('ツンデレカバの毎日ひとこと', '👋 あいさつ・返事', '36752401'), ('お世話焼きカンガルーの毎日使える返事', '👋 あいさつ・返事', '36752388'), ('しみしみおでん大根の毎日返事', '👋 あいさつ・返事', '36752389'), ('リレーバトンくんの毎日あいさつ', '👋 あいさつ・返事', '36752379'), ('ビート板くんの応援ワード', '🏐 スポーツ・応援', '36752381'), ('卓球ラケットくんのダジャレ返事', '👋 あいさつ・返事', '36752383'), ('バスケットボールくんの擬音返事', '🏐 スポーツ・応援', '36752361'), ('弱音トマトの毎日つぶやき', '👋 あいさつ・返事', '36752362'), ('ほかほか新米おにぎりの毎日返事', '👋 あいさつ・返事', '36752363'), ('気づかいカメのやさしい毎日返事', '👋 あいさつ・返事', '36752357'), ('モルモットの建前ゼロトーク', '👋 あいさつ・返事', '36732828'), ('生意気フェレットの自信満々トーク', '👋 あいさつ・返事', '36732819'), ('頑固なヤギの言い分', '👋 あいさつ・返事', '36732836'), ('焼き芋のほくほく気持ち', '👋 あいさつ・返事', '36732814'), ('バスケットボールのダジャレ返事', '🏐 スポーツ・応援', '36731968'), ('シャトルくんの擬音返事', '🏐 スポーツ・応援', '36731929'), ('テニスラケットくんの擬音返事', '🏐 スポーツ・応援', '36731946'), ('卓球ラケットくんの応援ワード', '🏐 スポーツ・応援', '36731920')]
2026-09-23 10:17:44 （Discord通知なし）新作を追加: ・やさぐれカモノハシの毎日ぼやき（👋 あいさつ・返事） / ・毎日使えるちいさな神さまの返事（👋 あいさつ・返事） / ・ほめてほしがりオットセイの毎日返事（👋 あいさつ・返事） / ・こたつむりのぬくぬく毎日返事（👋 あいさつ・返事） / ・ラグビーボールくんの毎日応援ワード（🏐 スポーツ・応援） / ・ゴルフボールくんの毎日ダジャレ返事（👋 あいさつ・返事） / ・ビート板くんの毎日あいさつ（👋 あいさつ・返事） / ・卓球ラケットくんの擬音返事（👋 あいさつ・返事） / ・ため息ハシビロコウのぼそっと返事（👋 あいさつ・返事） / ・全力で味方する大型犬の毎日返事（👋 あいさつ・返事） / ・あざといウーパールーパーの毎日返事（👋 あいさつ・返事） / ・毎日使えるミイラくんのハロウィン返事（🍂 季節・行事） / ・ゴルフボールくんの毎日応援ワード（🏐 スポーツ・応援） / ・毎日使えるリレーバトンくんの擬音返事（👋 あいさつ・返事） / ・ビート板くんのダジャレ返事（👋 あいさつ・返事） / ・卓球ラケットくんの毎日あいさつ（👋 あいさつ・返事） / ・月曜がしんどい食パンの毎日ぼやき（👋 あいさつ・返事） / ・ツンデレカバの毎日ひとこと（👋 あいさつ・返事） / ・お世話焼きカンガルーの毎日使える返事（👋 あいさつ・返事） / ・しみしみおでん大根の毎日返事（👋 あいさつ・返事） / ・リレーバトンくんの毎日あいさつ（👋 あいさつ・返事） / ・ビート板くんの応援ワード（🏐 スポーツ・応援） / ・卓球ラケットくんのダジャレ返事（👋 あいさつ・返事） / ・バスケットボールくんの擬音返事（🏐 スポーツ・応援） / ・弱音トマトの毎日つぶやき（👋 あいさつ・返事） / ・ほかほか新米おにぎりの毎日返事（👋 あいさつ・返事） / ・気づかいカメのやさしい毎日返事（👋 あいさつ・返事） / ・モルモットの建前ゼロトーク（👋 あいさつ・返事） / ・生意気フェレットの自信満々トーク（👋 あいさつ・返事） / ・頑固なヤギの言い分（👋 あいさつ・返事） / ・焼き芋のほくほく気持ち（👋 あいさつ・返事） / ・バスケットボールのダジャレ返事（🏐 スポーツ・応援） / ・シャトルくんの擬音返事（🏐 スポーツ・応援） / ・テニスラケットくんの擬音返事（🏐 スポーツ・応援） / ・卓球ラケットくんの応援ワード（🏐 スポーツ・応援）
2026-09-23 10:17:42 販売中だがストア未掲載（次回まで待つ）: ['ひらひらいちょうの秋の毎日返事', '秋の夜長スズムシの毎日返事', 'そっと気づかうアマガエルの返事', 'ひっそりきのこの毎日返事', 'やさしいゾウの毎日使える気づかい']
2026-09-23 10:17:44 追加してpushしました: [('やさぐれカモノハシの毎日ぼやき', '👋 あいさつ・返事', '36793324'), ('毎日使えるちいさな神さまの返事', '👋 あいさつ・返事', '36786243'), ('ほめてほしがりオットセイの毎日返事', '👋 あいさつ・返事', '36786231'), ('こたつむりのぬくぬく毎日返事', '👋 あいさつ・返事', '36786233'), ('ラグビーボールくんの毎日応援ワード', '🏐 スポーツ・応援', '36786226'), ('ゴルフボールくんの毎日ダジャレ返事', '👋 あいさつ・返事', '36786215'), ('ビート板くんの毎日あいさつ', '👋 あいさつ・返事', '36786224'), ('卓球ラケットくんの擬音返事', '👋 あいさつ・返事', '36786216'), ('ため息ハシビロコウのぼそっと返事', '👋 あいさつ・返事', '36786193'), ('全力で味方する大型犬の毎日返事', '👋 あいさつ・返事', '36769636'), ('あざといウーパールーパーの毎日返事', '👋 あいさつ・返事', '36769642'), ('毎日使えるミイラくんのハロウィン返事', '🍂 季節・行事', '36769637'), ('ゴルフボールくんの毎日応援ワード', '🏐 スポーツ・応援', '36769639'), ('毎日使えるリレーバトンくんの擬音返事', '👋 あいさつ・返事', '36769613'), ('ビート板くんのダジャレ返事', '👋 あいさつ・返事', '36769616'), ('卓球ラケットくんの毎日あいさつ', '👋 あいさつ・返事', '36769610'), ('月曜がしんどい食パンの毎日ぼやき', '👋 あいさつ・返事', '36779378'), ('ツンデレカバの毎日ひとこと', '👋 あいさつ・返事', '36752401'), ('お世話焼きカンガルーの毎日使える返事', '👋 あいさつ・返事', '36752388'), ('しみしみおでん大根の毎日返事', '👋 あいさつ・返事', '36752389'), ('リレーバトンくんの毎日あいさつ', '👋 あいさつ・返事', '36752379'), ('ビート板くんの応援ワード', '🏐 スポーツ・応援', '36752381'), ('卓球ラケットくんのダジャレ返事', '👋 あいさつ・返事', '36752383'), ('バスケットボールくんの擬音返事', '🏐 スポーツ・応援', '36752361'), ('弱音トマトの毎日つぶやき', '👋 あいさつ・返事', '36752362'), ('ほかほか新米おにぎりの毎日返事', '👋 あいさつ・返事', '36752363'), ('気づかいカメのやさしい毎日返事', '👋 あいさつ・返事', '36752357'), ('モルモットの建前ゼロトーク', '👋 あいさつ・返事', '36732828'), ('生意気フェレットの自信満々トーク', '👋 あいさつ・返事', '36732819'), ('頑固なヤギの言い分', '👋 あいさつ・返事', '36732836'), ('焼き芋のほくほく気持ち', '👋 あいさつ・返事', '36732814'), ('バスケットボールのダジャレ返事', '🏐 スポーツ・応援', '36731968'), ('シャトルくんの擬音返事', '🏐 スポーツ・応援', '36731929'), ('テニスラケットくんの擬音返事', '🏐 スポーツ・応援', '36731946'), ('卓球ラケットくんの応援ワード', '🏐 スポーツ・応援', '36731920')]
2026-09-23 10:17:44 （Discord通知なし）新作を追加: ・やさぐれカモノハシの毎日ぼやき（👋 あいさつ・返事） / ・毎日使えるちいさな神さまの返事（👋 あいさつ・返事） / ・ほめてほしがりオットセイの毎日返事（👋 あいさつ・返事） / ・こたつむりのぬくぬく毎日返事（👋 あいさつ・返事） / ・ラグビーボールくんの毎日応援ワード（🏐 スポーツ・応援） / ・ゴルフボールくんの毎日ダジャレ返事（👋 あいさつ・返事） / ・ビート板くんの毎日あいさつ（👋 あいさつ・返事） / ・卓球ラケットくんの擬音返事（👋 あいさつ・返事） / ・ため息ハシビロコウのぼそっと返事（👋 あいさつ・返事） / ・全力で味方する大型犬の毎日返事（👋 あいさつ・返事） / ・あざといウーパールーパーの毎日返事（👋 あいさつ・返事） / ・毎日使えるミイラくんのハロウィン返事（🍂 季節・行事） / ・ゴルフボールくんの毎日応援ワード（🏐 スポーツ・応援） / ・毎日使えるリレーバトンくんの擬音返事（👋 あいさつ・返事） / ・ビート板くんのダジャレ返事（👋 あいさつ・返事） / ・卓球ラケットくんの毎日あいさつ（👋 あいさつ・返事） / ・月曜がしんどい食パンの毎日ぼやき（👋 あいさつ・返事） / ・ツンデレカバの毎日ひとこと（👋 あいさつ・返事） / ・お世話焼きカンガルーの毎日使える返事（👋 あいさつ・返事） / ・しみしみおでん大根の毎日返事（👋 あいさつ・返事） / ・リレーバトンくんの毎日あいさつ（👋 あいさつ・返事） / ・ビート板くんの応援ワード（🏐 スポーツ・応援） / ・卓球ラケットくんのダジャレ返事（👋 あいさつ・返事） / ・バスケットボールくんの擬音返事（🏐 スポーツ・応援） / ・弱音トマトの毎日つぶやき（👋 あいさつ・返事） / ・ほかほか新米おにぎりの毎日返事（👋 あいさつ・返事） / ・気づかいカメのやさしい毎日返事（👋 あいさつ・返事） / ・モルモットの建前ゼロトーク（👋 あいさつ・返事） / ・生意気フェレットの自信満々トーク（👋 あいさつ・返事） / ・頑固なヤギの言い分（👋 あいさつ・返事） / ・焼き芋のほくほく気持ち（👋 あいさつ・返事） / ・バスケットボールのダジャレ返事（🏐 スポーツ・応援） / ・シャトルくんの擬音返事（🏐 スポーツ・応援） / ・テニスラケットくんの擬音返事（🏐 スポーツ・応援） / ・卓球ラケットくんの応援ワード（🏐 スポーツ・応援）
✅ index.html を書き出しました（189作品）
2026-09-23 15:17:46 追加してpushしました: [('ひらひらいちょうの秋の毎日返事', '🍂 季節・行事', '36793327'), ('見守りミーアキャットの気づかい返事', '👋 あいさつ・返事', '36793332'), ('秋の夜長スズムシの毎日返事', '🍂 季節・行事', '36786204'), ('そっと気づかうアマガエルの返事', '👋 あいさつ・返事', '36786214'), ('ひっそりきのこの毎日返事', '👋 あいさつ・返事', '36779366'), ('やさしいゾウの毎日使える気づかい', '👋 あいさつ・返事', '36779371')]
2026-09-23 15:17:46 （Discord通知なし）新作を追加: ・ひらひらいちょうの秋の毎日返事（🍂 季節・行事） / ・見守りミーアキャットの気づかい返事（👋 あいさつ・返事） / ・秋の夜長スズムシの毎日返事（🍂 季節・行事） / ・そっと気づかうアマガエルの返事（👋 あいさつ・返事） / ・ひっそりきのこの毎日返事（👋 あいさつ・返事） / ・やさしいゾウの毎日使える気づかい（👋 あいさつ・返事）
2026-09-23 15:17:46 追加してpushしました: [('ひらひらいちょうの秋の毎日返事', '🍂 季節・行事', '36793327'), ('見守りミーアキャットの気づかい返事', '👋 あいさつ・返事', '36793332'), ('秋の夜長スズムシの毎日返事', '🍂 季節・行事', '36786204'), ('そっと気づかうアマガエルの返事', '👋 あいさつ・返事', '36786214'), ('ひっそりきのこの毎日返事', '👋 あいさつ・返事', '36779366'), ('やさしいゾウの毎日使える気づかい', '👋 あいさつ・返事', '36779371')]
2026-09-23 15:17:46 （Discord通知なし）新作を追加: ・ひらひらいちょうの秋の毎日返事（🍂 季節・行事） / ・見守りミーアキャットの気づかい返事（👋 あいさつ・返事） / ・秋の夜長スズムシの毎日返事（🍂 季節・行事） / ・そっと気づかうアマガエルの返事（👋 あいさつ・返事） / ・ひっそりきのこの毎日返事（👋 あいさつ・返事） / ・やさしいゾウの毎日使える気づかい（👋 あいさつ・返事）
✅ index.html を書き出しました（194作品）
2026-09-23 20:17:45 追加してpushしました: [('お調子者アライグマの毎日返事', '👋 あいさつ・返事', '36814129'), ('ほねほねガイコツのハロウィン毎日返事', '🍂 季節・行事', '36814099'), ('ゴルフボールくんの擬音返事', '👋 あいさつ・返事', '36814096'), ('ラグビーボールくんの毎日ダジャレ返事', '👋 あいさつ・返事', '36814094'), ('ボウリングピンくんの毎日あいさつ', '👋 あいさつ・返事', '36814097')]
2026-09-23 20:17:45 （Discord通知なし）新作を追加: ・お調子者アライグマの毎日返事（👋 あいさつ・返事） / ・ほねほねガイコツのハロウィン毎日返事（🍂 季節・行事） / ・ゴルフボールくんの擬音返事（👋 あいさつ・返事） / ・ラグビーボールくんの毎日ダジャレ返事（👋 あいさつ・返事） / ・ボウリングピンくんの毎日あいさつ（👋 あいさつ・返事）
2026-09-23 20:17:45 追加してpushしました: [('お調子者アライグマの毎日返事', '👋 あいさつ・返事', '36814129'), ('ほねほねガイコツのハロウィン毎日返事', '🍂 季節・行事', '36814099'), ('ゴルフボールくんの擬音返事', '👋 あいさつ・返事', '36814096'), ('ラグビーボールくんの毎日ダジャレ返事', '👋 あいさつ・返事', '36814094'), ('ボウリングピンくんの毎日あいさつ', '👋 あいさつ・返事', '36814097')]
2026-09-23 20:17:45 （Discord通知なし）新作を追加: ・お調子者アライグマの毎日返事（👋 あいさつ・返事） / ・ほねほねガイコツのハロウィン毎日返事（🍂 季節・行事） / ・ゴルフボールくんの擬音返事（👋 あいさつ・返事） / ・ラグビーボールくんの毎日ダジャレ返事（👋 あいさつ・返事） / ・ボウリングピンくんの毎日あいさつ（👋 あいさつ・返事）
✅ index.html を書き出しました（196作品）
2026-09-24 10:17:46 追加してpushしました: [('察しすぎるモモンガの毎日返事', '👋 あいさつ・返事', '36814107'), ('リレーバトンくんの毎日応援ワード', '🏐 スポーツ・応援', '36814091')]
2026-09-24 10:17:46 （Discord通知なし）新作を追加: ・察しすぎるモモンガの毎日返事（👋 あいさつ・返事） / ・リレーバトンくんの毎日応援ワード（🏐 スポーツ・応援）
2026-09-24 10:17:46 追加してpushしました: [('察しすぎるモモンガの毎日返事', '👋 あいさつ・返事', '36814107'), ('リレーバトンくんの毎日応援ワード', '🏐 スポーツ・応援', '36814091')]
2026-09-24 10:17:46 （Discord通知なし）新作を追加: ・察しすぎるモモンガの毎日返事（👋 あいさつ・返事） / ・リレーバトンくんの毎日応援ワード（🏐 スポーツ・応援）
2026-09-24 15:17:42 新作なし（販売中194・掲載196）
2026-09-24 15:17:42 新作なし（販売中194・掲載196）
2026-09-24 20:17:45 新作なし（販売中190・掲載196）
2026-09-24 20:17:45 新作なし（販売中190・掲載196）
2026-09-25 10:17:11 🚨 Creators Marketのログインが切れています。追加チェックできていません
sent 1552851429931229278
2026-09-25 10:17:11 🚨 Creators Marketのログインが切れています。追加チェックできていません
2026-09-25 15:17:45 販売中だがストア未掲載（次回まで待つ）: ['気づかいスズメの毎日やさしい返事', '気づかいラマの毎日やさしい返事']
✅ index.html を書き出しました（197作品）
2026-09-25 15:17:47 追加してpushしました: [('たき火好きアナグマの秋の毎日返事', '🍂 季節・行事', '36845067')]
2026-09-25 15:17:47 （Discord通知なし）新作を追加: ・たき火好きアナグマの秋の毎日返事（🍂 季節・行事）
2026-09-25 15:17:45 販売中だがストア未掲載（次回まで待つ）: ['気づかいスズメの毎日やさしい返事', '気づかいラマの毎日やさしい返事']
2026-09-25 15:17:47 追加してpushしました: [('たき火好きアナグマの秋の毎日返事', '🍂 季節・行事', '36845067')]
2026-09-25 15:17:47 （Discord通知なし）新作を追加: ・たき火好きアナグマの秋の毎日返事（🍂 季節・行事）
✅ index.html を書き出しました（206作品）
2026-09-25 20:17:48 追加してpushしました: [('気づかいスズメの毎日やさしい返事', '👋 あいさつ・返事', '36847610'), ('縁の下の力持ちごぼうの毎日返事', '👋 あいさつ・返事', '36859410'), ('うれしいみかんの毎日返事', '👋 あいさつ・返事', '36859433'), ('ラグビーボールくんの擬音で毎日返事', '👋 あいさつ・返事', '36859397'), ('ゴルフボールくんの毎日あいさつ', '👋 あいさつ・返事', '36859402'), ('リレーバトンくんのダジャレ返事', '👋 あいさつ・返事', '36859393'), ('ビート板くんの水泳擬音返事', '👋 あいさつ・返事', '36859414'), ('しょんぼりペリカンの毎日ぼやき', '👋 あいさつ・返事', '36859408'), ('気づかいラマの毎日やさしい返事', '👋 あいさつ・返事', '36844987')]
2026-09-25 20:17:48 （Discord通知なし）新作を追加: ・気づかいスズメの毎日やさしい返事（👋 あいさつ・返事） / ・縁の下の力持ちごぼうの毎日返事（👋 あいさつ・返事） / ・うれしいみかんの毎日返事（👋 あいさつ・返事） / ・ラグビーボールくんの擬音で毎日返事（👋 あいさつ・返事） / ・ゴルフボールくんの毎日あいさつ（👋 あいさつ・返事） / ・リレーバトンくんのダジャレ返事（👋 あいさつ・返事） / ・ビート板くんの水泳擬音返事（👋 あいさつ・返事） / ・しょんぼりペリカンの毎日ぼやき（👋 あいさつ・返事） / ・気づかいラマの毎日やさしい返事（👋 あいさつ・返事）
2026-09-25 20:17:48 追加してpushしました: [('気づかいスズメの毎日やさしい返事', '👋 あいさつ・返事', '36847610'), ('縁の下の力持ちごぼうの毎日返事', '👋 あいさつ・返事', '36859410'), ('うれしいみかんの毎日返事', '👋 あいさつ・返事', '36859433'), ('ラグビーボールくんの擬音で毎日返事', '👋 あいさつ・返事', '36859397'), ('ゴルフボールくんの毎日あいさつ', '👋 あいさつ・返事', '36859402'), ('リレーバトンくんのダジャレ返事', '👋 あいさつ・返事', '36859393'), ('ビート板くんの水泳擬音返事', '👋 あいさつ・返事', '36859414'), ('しょんぼりペリカンの毎日ぼやき', '👋 あいさつ・返事', '36859408'), ('気づかいラマの毎日やさしい返事', '👋 あいさつ・返事', '36844987')]
2026-09-25 20:17:48 （Discord通知なし）新作を追加: ・気づかいスズメの毎日やさしい返事（👋 あいさつ・返事） / ・縁の下の力持ちごぼうの毎日返事（👋 あいさつ・返事） / ・うれしいみかんの毎日返事（👋 あいさつ・返事） / ・ラグビーボールくんの擬音で毎日返事（👋 あいさつ・返事） / ・ゴルフボールくんの毎日あいさつ（👋 あいさつ・返事） / ・リレーバトンくんのダジャレ返事（👋 あいさつ・返事） / ・ビート板くんの水泳擬音返事（👋 あいさつ・返事） / ・しょんぼりペリカンの毎日ぼやき（👋 あいさつ・返事） / ・気づかいラマの毎日やさしい返事（👋 あいさつ・返事）
2026-09-26 10:17:42 新作なし（販売中179・掲載206）
2026-09-26 10:17:42 新作なし（販売中179・掲載206）
✅ index.html を書き出しました（208作品）
2026-09-26 15:17:52 追加してpushしました: [('ほっこりかかしの秋の毎日返事', '🍂 季節・行事', '36858599'), ('小心者ダチョウの毎日返事', '👋 あいさつ・返事', '36859399')]
2026-09-26 15:17:52 （Discord通知なし）新作を追加: ・ほっこりかかしの秋の毎日返事（🍂 季節・行事） / ・小心者ダチョウの毎日返事（👋 あいさつ・返事）
2026-09-26 15:17:52 追加してpushしました: [('ほっこりかかしの秋の毎日返事', '🍂 季節・行事', '36858599'), ('小心者ダチョウの毎日返事', '👋 あいさつ・返事', '36859399')]
2026-09-26 15:17:52 （Discord通知なし）新作を追加: ・ほっこりかかしの秋の毎日返事（🍂 季節・行事） / ・小心者ダチョウの毎日返事（👋 あいさつ・返事）
2026-09-26 20:17:43 新作なし（販売中181・掲載208）
2026-09-26 20:17:43 新作なし（販売中181・掲載208）
2026-09-27 10:17:09 🚨 Creators Marketのログインが切れています。追加チェックできていません
sent 1553576199089950794
2026-09-27 10:17:09 🚨 Creators Marketのログインが切れています。追加チェックできていません
2026-09-27 15:17:45 新作なし（販売中171・掲載208）
2026-09-27 15:17:45 新作なし（販売中171・掲載208）
2026-09-27 20:17:43 新作なし（販売中171・掲載208）
2026-09-27 20:17:43 新作なし（販売中171・掲載208）
2026-09-28 10:17:42 新作なし（販売中161・掲載208）
2026-09-28 10:17:42 新作なし（販売中161・掲載208）
✅ index.html を書き出しました（216作品）
2026-09-28 15:17:48 追加してpushしました: [('食い気味アシカの毎日返事', '👋 あいさつ・返事', '36896744'), ('照れ屋なアヒルの毎日返事', '👋 あいさつ・返事', '36895871'), ('受け止めるティッシュくんの毎日返事', '👋 あいさつ・返事', '36895875'), ('ラグビーボールくんの毎日あいさつ', '👋 あいさつ・返事', '36895849'), ('跳び箱くんの毎日あいさつ', '👋 あいさつ・返事', '36895870'), ('カーリングストーンくんの毎日応援ワード', '🏐 スポーツ・応援', '36895863'), ('ボウリングピンくんの擬音で毎日返事', '👋 あいさつ・返事', '36895846'), ('バレーボールのダジャレ返事まだまだ', '🏐 スポーツ・応援', '36895857')]
2026-09-28 15:17:48 （Discord通知なし）新作を追加: ・食い気味アシカの毎日返事（👋 あいさつ・返事） / ・照れ屋なアヒルの毎日返事（👋 あいさつ・返事） / ・受け止めるティッシュくんの毎日返事（👋 あいさつ・返事） / ・ラグビーボールくんの毎日あいさつ（👋 あいさつ・返事） / ・跳び箱くんの毎日あいさつ（👋 あいさつ・返事） / ・カーリングストーンくんの毎日応援ワード（🏐 スポーツ・応援） / ・ボウリングピンくんの擬音で毎日返事（👋 あいさつ・返事） / ・バレーボールのダジャレ返事まだまだ（🏐 スポーツ・応援）
2026-09-28 15:17:48 追加してpushしました: [('食い気味アシカの毎日返事', '👋 あいさつ・返事', '36896744'), ('照れ屋なアヒルの毎日返事', '👋 あいさつ・返事', '36895871'), ('受け止めるティッシュくんの毎日返事', '👋 あいさつ・返事', '36895875'), ('ラグビーボールくんの毎日あいさつ', '👋 あいさつ・返事', '36895849'), ('跳び箱くんの毎日あいさつ', '👋 あいさつ・返事', '36895870'), ('カーリングストーンくんの毎日応援ワード', '🏐 スポーツ・応援', '36895863'), ('ボウリングピンくんの擬音で毎日返事', '👋 あいさつ・返事', '36895846'), ('バレーボールのダジャレ返事まだまだ', '🏐 スポーツ・応援', '36895857')]
2026-09-28 15:17:48 （Discord通知なし）新作を追加: ・食い気味アシカの毎日返事（👋 あいさつ・返事） / ・照れ屋なアヒルの毎日返事（👋 あいさつ・返事） / ・受け止めるティッシュくんの毎日返事（👋 あいさつ・返事） / ・ラグビーボールくんの毎日あいさつ（👋 あいさつ・返事） / ・跳び箱くんの毎日あいさつ（👋 あいさつ・返事） / ・カーリングストーンくんの毎日応援ワード（🏐 スポーツ・応援） / ・ボウリングピンくんの擬音で毎日返事（👋 あいさつ・返事） / ・バレーボールのダジャレ返事まだまだ（🏐 スポーツ・応援）
2026-09-28 20:17:51 新作なし（販売中169・掲載216）
2026-09-28 20:17:51 新作なし（販売中169・掲載216）
2026-09-29 10:17:10 🚨 Creators Marketのログインが切れています。追加チェックできていません
sent 1554300979472629823
2026-09-29 10:17:10 🚨 Creators Marketのログインが切れています。追加チェックできていません
2026-09-29 15:17:10 🚨 Creators Marketのログインが切れています。追加チェックできていません
2026-09-29 15:17:10 🚨 Creators Marketのログインが切れています。追加チェックできていません
2026-09-29 20:17:10 🚨 Creators Marketのログインが切れています。追加チェックできていません
2026-09-29 20:17:10 🚨 Creators Marketのログインが切れています。追加チェックできていません
2026-09-30 10:17:13 🚨 Creators Marketのログインが切れています。追加チェックできていません
sent 1554663378327183381
2026-09-30 10:17:13 🚨 Creators Marketのログインが切れています。追加チェックできていません
✅ index.html を書き出しました（237作品）
2026-09-30 15:18:34 追加してpushしました: [('つい本音がこぼれるシマウマ', '👋 あいさつ・返事', '36953497'), ('紅葉狩りのお誘い連絡専用、渋くない柿', '🍂 季節・行事', '36953488'), ('気合い入れるリストバンドのひとこと', '👋 あいさつ・返事', '36953487'), ('ゴールテープが伝えるうれしいひとこと', '👋 あいさつ・返事', '36953483'), ('部活の合図が得意なホイッスルのひとこと', '👋 あいさつ・返事', '36953475'), ('秋の乾燥ケアリップクリームのひとこと', '🍂 季節・行事', '36953471'), ('じんわりあったかい湯たんぽの気づかい返事', '👋 あいさつ・返事', '36953462'), ('好きな人に毎日送れるシマリスのひとこと', '👋 あいさつ・返事', '36930104'), ('ハロウィンの集まり連絡専用とんがり帽子', '🍂 季節・行事', '36930112'), ('部活の送迎とお当番の連絡に使える水筒くん', '👋 あいさつ・返事', '36930090'), ('誰かを応援したい時に使える応援うちわくん', '🏐 スポーツ・応援', '36930103'), ('スポーツ実況風に返事するマイクくん', '👋 あいさつ・返事', '36930070'), ('秋の一日に使えるぶどうのひとこと返事', '🍂 季節・行事', '36924130'), ('やわらかく頼めるシロクマの気づかい返事', '👋 あいさつ・返事', '36924117'), ('語彙力が消える推し活ペンライト', '👋 あいさつ・返事', '36910986'), ('文化祭の準備で毎日使えるダンボールくん', '👋 あいさつ・返事', '36910993'), ('筋トレ語で返事するケトルベル', '👋 あいさつ・返事', '36910969'), ('バレー部の毎日の親子連絡', '🏐 スポーツ・応援', '36910966'), ('でっかい文字で見やすい家族のひとこと', '👋 あいさつ・返事', '36910946'), ('ゆらゆらコスモスのひとこと返事', '👋 あいさつ・返事', '36910958'), ('無理しないでね、がずっと言えるビーバー', '👋 あいさつ・返事', '36910943')]
2026-09-30 15:18:34 （Discord通知なし）新作を追加: ・つい本音がこぼれるシマウマ（👋 あいさつ・返事） / ・紅葉狩りのお誘い連絡専用、渋くない柿（🍂 季節・行事） / ・気合い入れるリストバンドのひとこと（👋 あいさつ・返事） / ・ゴールテープが伝えるうれしいひとこと（👋 あいさつ・返事） / ・部活の合図が得意なホイッスルのひとこと（👋 あいさつ・返事） / ・秋の乾燥ケアリップクリームのひとこと（🍂 季節・行事） / ・じんわりあったかい湯たんぽの気づかい返事（👋 あいさつ・返事） / ・好きな人に毎日送れるシマリスのひとこと（👋 あいさつ・返事） / ・ハロウィンの集まり連絡専用とんがり帽子（🍂 季節・行事） / ・部活の送迎とお当番の連絡に使える水筒くん（👋 あいさつ・返事） / ・誰かを応援したい時に使える応援うちわくん（🏐 スポーツ・応援） / ・スポーツ実況風に返事するマイクくん（👋 あいさつ・返事） / ・秋の一日に使えるぶどうのひとこと返事（🍂 季節・行事） / ・やわらかく頼めるシロクマの気づかい返事（👋 あいさつ・返事） / ・語彙力が消える推し活ペンライト（👋 あいさつ・返事） / ・文化祭の準備で毎日使えるダンボールくん（👋 あいさつ・返事） / ・筋トレ語で返事するケトルベル（👋 あいさつ・返事） / ・バレー部の毎日の親子連絡（🏐 スポーツ・応援） / ・でっかい文字で見やすい家族のひとこと（👋 あいさつ・返事） / ・ゆらゆらコスモスのひとこと返事（👋 あいさつ・返事） / ・無理しないでね、がずっと言えるビーバー（👋 あいさつ・返事）
2026-09-30 15:18:34 追加してpushしました: [('つい本音がこぼれるシマウマ', '👋 あいさつ・返事', '36953497'), ('紅葉狩りのお誘い連絡専用、渋くない柿', '🍂 季節・行事', '36953488'), ('気合い入れるリストバンドのひとこと', '👋 あいさつ・返事', '36953487'), ('ゴールテープが伝えるうれしいひとこと', '👋 あいさつ・返事', '36953483'), ('部活の合図が得意なホイッスルのひとこと', '👋 あいさつ・返事', '36953475'), ('秋の乾燥ケアリップクリームのひとこと', '🍂 季節・行事', '36953471'), ('じんわりあったかい湯たんぽの気づかい返事', '👋 あいさつ・返事', '36953462'), ('好きな人に毎日送れるシマリスのひとこと', '👋 あいさつ・返事', '36930104'), ('ハロウィンの集まり連絡専用とんがり帽子', '🍂 季節・行事', '36930112'), ('部活の送迎とお当番の連絡に使える水筒くん', '👋 あいさつ・返事', '36930090'), ('誰かを応援したい時に使える応援うちわくん', '🏐 スポーツ・応援', '36930103'), ('スポーツ実況風に返事するマイクくん', '👋 あいさつ・返事', '36930070'), ('秋の一日に使えるぶどうのひとこと返事', '🍂 季節・行事', '36924130'), ('やわらかく頼めるシロクマの気づかい返事', '👋 あいさつ・返事', '36924117'), ('語彙力が消える推し活ペンライト', '👋 あいさつ・返事', '36910986'), ('文化祭の準備で毎日使えるダンボールくん', '👋 あいさつ・返事', '36910993'), ('筋トレ語で返事するケトルベル', '👋 あいさつ・返事', '36910969'), ('バレー部の毎日の親子連絡', '🏐 スポーツ・応援', '36910966'), ('でっかい文字で見やすい家族のひとこと', '👋 あいさつ・返事', '36910946'), ('ゆらゆらコスモスのひとこと返事', '👋 あいさつ・返事', '36910958'), ('無理しないでね、がずっと言えるビーバー', '👋 あいさつ・返事', '36910943')]
2026-09-30 15:18:34 （Discord通知なし）新作を追加: ・つい本音がこぼれるシマウマ（👋 あいさつ・返事） / ・紅葉狩りのお誘い連絡専用、渋くない柿（🍂 季節・行事） / ・気合い入れるリストバンドのひとこと（👋 あいさつ・返事） / ・ゴールテープが伝えるうれしいひとこと（👋 あいさつ・返事） / ・部活の合図が得意なホイッスルのひとこと（👋 あいさつ・返事） / ・秋の乾燥ケアリップクリームのひとこと（🍂 季節・行事） / ・じんわりあったかい湯たんぽの気づかい返事（👋 あいさつ・返事） / ・好きな人に毎日送れるシマリスのひとこと（👋 あいさつ・返事） / ・ハロウィンの集まり連絡専用とんがり帽子（🍂 季節・行事） / ・部活の送迎とお当番の連絡に使える水筒くん（👋 あいさつ・返事） / ・誰かを応援したい時に使える応援うちわくん（🏐 スポーツ・応援） / ・スポーツ実況風に返事するマイクくん（👋 あいさつ・返事） / ・秋の一日に使えるぶどうのひとこと返事（🍂 季節・行事） / ・やわらかく頼めるシロクマの気づかい返事（👋 あいさつ・返事） / ・語彙力が消える推し活ペンライト（👋 あいさつ・返事） / ・文化祭の準備で毎日使えるダンボールくん（👋 あいさつ・返事） / ・筋トレ語で返事するケトルベル（👋 あいさつ・返事） / ・バレー部の毎日の親子連絡（🏐 スポーツ・応援） / ・でっかい文字で見やすい家族のひとこと（👋 あいさつ・返事） / ・ゆらゆらコスモスのひとこと返事（👋 あいさつ・返事） / ・無理しないでね、がずっと言えるビーバー（👋 あいさつ・返事）
2026-09-30 20:17:45 新作なし（販売中180・掲載237）
2026-09-30 20:17:45 新作なし（販売中180・掲載237）
2026-10-01 10:17:43 販売中だがストア未掲載（次回まで待つ）: ['夕暮れ赤とんぼの秋ひとこと返事', '帰り道に気づかいを送る折りたたみ傘']
2026-10-01 10:17:43 販売中だがストア未掲載（次回まで待つ）: ['夕暮れ赤とんぼの秋ひとこと返事', '帰り道に気づかいを送る折りたたみ傘']
✅ index.html を書き出しました（239作品）
2026-10-01 15:17:44 追加してpushしました: [('夕暮れ赤とんぼの秋ひとこと返事', '🍂 季節・行事', '36982123'), ('帰り道に気づかいを送る折りたたみ傘', '👋 あいさつ・返事', '36982108')]
2026-10-01 15:17:44 （Discord通知なし）新作を追加: ・夕暮れ赤とんぼの秋ひとこと返事（🍂 季節・行事） / ・帰り道に気づかいを送る折りたたみ傘（👋 あいさつ・返事）
2026-10-01 15:17:44 追加してpushしました: [('夕暮れ赤とんぼの秋ひとこと返事', '🍂 季節・行事', '36982123'), ('帰り道に気づかいを送る折りたたみ傘', '👋 あいさつ・返事', '36982108')]
2026-10-01 15:17:44 （Discord通知なし）新作を追加: ・夕暮れ赤とんぼの秋ひとこと返事（🍂 季節・行事） / ・帰り道に気づかいを送る折りたたみ傘（👋 あいさつ・返事）
✅ index.html を書き出しました（245作品）
2026-10-01 20:17:56 追加してpushしました: [('ふわふわモルモットの気づかいひとこと', '👋 あいさつ・返事', '36991599'), ('マイペースに返事するラクダの日常', '👋 あいさつ・返事', '36994552'), ('冷え込みの連絡に使える冬支度の手袋', '🍂 季節・行事', '36994563'), ('マイペースを励ますスニーカーの日常返事', '👋 あいさつ・返事', '36994534'), ('がんばったあとにそっと労うスポーツタオル', '👋 あいさつ・返事', '36994536'), ('毎日使える集合時間ストップウォッチ', '👋 あいさつ・返事', '36994519')]
2026-10-01 20:17:56 （Discord通知なし）新作を追加: ・ふわふわモルモットの気づかいひとこと（👋 あいさつ・返事） / ・マイペースに返事するラクダの日常（👋 あいさつ・返事） / ・冷え込みの連絡に使える冬支度の手袋（🍂 季節・行事） / ・マイペースを励ますスニーカーの日常返事（👋 あいさつ・返事） / ・がんばったあとにそっと労うスポーツタオル（👋 あいさつ・返事） / ・毎日使える集合時間ストップウォッチ（👋 あいさつ・返事）
2026-10-01 20:17:56 追加してpushしました: [('ふわふわモルモットの気づかいひとこと', '👋 あいさつ・返事', '36991599'), ('マイペースに返事するラクダの日常', '👋 あいさつ・返事', '36994552'), ('冷え込みの連絡に使える冬支度の手袋', '🍂 季節・行事', '36994563'), ('マイペースを励ますスニーカーの日常返事', '👋 あいさつ・返事', '36994534'), ('がんばったあとにそっと労うスポーツタオル', '👋 あいさつ・返事', '36994536'), ('毎日使える集合時間ストップウォッチ', '👋 あいさつ・返事', '36994519')]
2026-10-01 20:17:56 （Discord通知なし）新作を追加: ・ふわふわモルモットの気づかいひとこと（👋 あいさつ・返事） / ・マイペースに返事するラクダの日常（👋 あいさつ・返事） / ・冷え込みの連絡に使える冬支度の手袋（🍂 季節・行事） / ・マイペースを励ますスニーカーの日常返事（👋 あいさつ・返事） / ・がんばったあとにそっと労うスポーツタオル（👋 あいさつ・返事） / ・毎日使える集合時間ストップウォッチ（👋 あいさつ・返事）
✅ index.html を書き出しました（246作品）
2026-10-02 10:17:46 追加してpushしました: [('梨がとどける秋のひとこと日和', '🍂 季節・行事', '37001210')]
2026-10-02 10:17:46 （Discord通知なし）新作を追加: ・梨がとどける秋のひとこと日和（🍂 季節・行事）
2026-10-02 10:17:46 追加してpushしました: [('梨がとどける秋のひとこと日和', '🍂 季節・行事', '37001210')]
2026-10-02 10:17:46 （Discord通知なし）新作を追加: ・梨がとどける秋のひとこと日和（🍂 季節・行事）
✅ index.html を書き出しました（251作品）
2026-10-02 15:17:45 追加してpushしました: [('うなずきすぎるハトの共感ひとこと返事', '👋 あいさつ・返事', '37006827'), ('行楽日和のお弁当箱ひとこと返事', '🗾 方言・ご当地', '37006829'), ('忘れ物ない？と聞くバッグのひとこと', '👋 あいさつ・返事', '37006852'), ('練習も日常も使える三角コーンひとこと', '👋 あいさつ・返事', '37006837'), ('応援に付き添う人のメガホン返事', '🏐 スポーツ・応援', '37006818')]
2026-10-02 15:17:45 （Discord通知なし）新作を追加: ・うなずきすぎるハトの共感ひとこと返事（👋 あいさつ・返事） / ・行楽日和のお弁当箱ひとこと返事（🗾 方言・ご当地） / ・忘れ物ない？と聞くバッグのひとこと（👋 あいさつ・返事） / ・練習も日常も使える三角コーンひとこと（👋 あいさつ・返事） / ・応援に付き添う人のメガホン返事（🏐 スポーツ・応援）
2026-10-02 15:17:45 追加してpushしました: [('うなずきすぎるハトの共感ひとこと返事', '👋 あいさつ・返事', '37006827'), ('行楽日和のお弁当箱ひとこと返事', '🗾 方言・ご当地', '37006829'), ('忘れ物ない？と聞くバッグのひとこと', '👋 あいさつ・返事', '37006852'), ('練習も日常も使える三角コーンひとこと', '👋 あいさつ・返事', '37006837'), ('応援に付き添う人のメガホン返事', '🏐 スポーツ・応援', '37006818')]
2026-10-02 15:17:45 （Discord通知なし）新作を追加: ・うなずきすぎるハトの共感ひとこと返事（👋 あいさつ・返事） / ・行楽日和のお弁当箱ひとこと返事（🗾 方言・ご当地） / ・忘れ物ない？と聞くバッグのひとこと（👋 あいさつ・返事） / ・練習も日常も使える三角コーンひとこと（👋 あいさつ・返事） / ・応援に付き添う人のメガホン返事（🏐 スポーツ・応援）
2026-10-02 20:17:45 新作なし（販売中173・掲載251）
2026-10-02 20:17:45 新作なし（販売中173・掲載251）
2026-10-03 10:17:12 🚨 Creators Marketのログインが切れています。追加チェックできていません
sent 1555750537519964201
2026-10-03 10:17:12 🚨 Creators Marketのログインが切れています。追加チェックできていません
2026-10-03 15:17:11 🚨 Creators Marketのログインが切れています。追加チェックできていません
2026-10-03 15:17:11 🚨 Creators Marketのログインが切れています。追加チェックできていません
✅ index.html を書き出しました（253作品）
2026-10-03 20:17:49 追加してpushしました: [('ふわふわフェルトのりんごの秋のひとこと', '🍂 季節・行事', '37021484'), ('ふせんに書いた気づかいのひとこと', '👋 あいさつ・返事', '37021492')]
2026-10-03 20:17:49 （Discord通知なし）新作を追加: ・ふわふわフェルトのりんごの秋のひとこと（🍂 季節・行事） / ・ふせんに書いた気づかいのひとこと（👋 あいさつ・返事）
2026-10-03 20:17:49 追加してpushしました: [('ふわふわフェルトのりんごの秋のひとこと', '🍂 季節・行事', '37021484'), ('ふせんに書いた気づかいのひとこと', '👋 あいさつ・返事', '37021492')]
2026-10-03 20:17:49 （Discord通知なし）新作を追加: ・ふわふわフェルトのりんごの秋のひとこと（🍂 季節・行事） / ・ふせんに書いた気づかいのひとこと（👋 あいさつ・返事）
2026-10-04 10:17:41 新作なし（販売中155・掲載253）
2026-10-04 10:17:41 新作なし（販売中155・掲載253）
2026-10-04 15:17:43 新作なし（販売中155・掲載253）
2026-10-04 15:17:43 新作なし（販売中155・掲載253）
2026-10-04 20:17:45 新作なし（販売中155・掲載253）
2026-10-04 20:17:45 新作なし（販売中155・掲載253）
2026-10-05 10:17:40 新作なし（販売中145・掲載253）
2026-10-05 10:17:40 新作なし（販売中145・掲載253）
✅ index.html を書き出しました（258作品）
2026-10-05 15:17:48 追加してpushしました: [('既読の貝の、返事できた日', '💼 仕事・業務連絡', '37055686'), ('七五三の家族連絡ひとこと', '👋 あいさつ・返事', '37055695'), ('ひとこと略語のデカ文字返事', '👋 あいさつ・返事', '37055675'), ('ゆるい豆腐の毎日ひとこと返事', '👋 あいさつ・返事', '37055657'), ('下町ねこの昭和ダジャレあいさつ', '🐈 ねこ', '37055661')]
2026-10-05 15:17:48 （Discord通知なし）新作を追加: ・既読の貝の、返事できた日（💼 仕事・業務連絡） / ・七五三の家族連絡ひとこと（👋 あいさつ・返事） / ・ひとこと略語のデカ文字返事（👋 あいさつ・返事） / ・ゆるい豆腐の毎日ひとこと返事（👋 あいさつ・返事） / ・下町ねこの昭和ダジャレあいさつ（🐈 ねこ）
2026-10-05 15:17:48 追加してpushしました: [('既読の貝の、返事できた日', '💼 仕事・業務連絡', '37055686'), ('七五三の家族連絡ひとこと', '👋 あいさつ・返事', '37055695'), ('ひとこと略語のデカ文字返事', '👋 あいさつ・返事', '37055675'), ('ゆるい豆腐の毎日ひとこと返事', '👋 あいさつ・返事', '37055657'), ('下町ねこの昭和ダジャレあいさつ', '🐈 ねこ', '37055661')]
2026-10-05 15:17:48 （Discord通知なし）新作を追加: ・既読の貝の、返事できた日（💼 仕事・業務連絡） / ・七五三の家族連絡ひとこと（👋 あいさつ・返事） / ・ひとこと略語のデカ文字返事（👋 あいさつ・返事） / ・ゆるい豆腐の毎日ひとこと返事（👋 あいさつ・返事） / ・下町ねこの昭和ダジャレあいさつ（🐈 ねこ）
2026-10-05 20:17:45 新作なし（販売中150・掲載258）
2026-10-05 20:17:45 新作なし（販売中150・掲載258）
✅ index.html を書き出しました（266作品）
2026-10-06 10:17:45 追加してpushしました: [('ツンデレなアルマジロのひとこと返事', '👋 あいさつ・返事', '37086290'), ('こたつを出した日のひとこと返事', '👋 あいさつ・返事', '37087233'), ('ちいさなひよこワッペンのやさしい返事', '👋 あいさつ・返事', '37086627'), ('ぷっくりシールのきょうのひとこと', '👋 あいさつ・返事', '37086652'), ('もーウシのダジャレ毎日返事', '👋 あいさつ・返事', '37081059'), ('ポチったあとの毎日ひとこと', '👋 あいさつ・返事', '37081095'), ('やまびこ登山のひとこと返事', '👋 あいさつ・返事', '37081061'), ('ごめんなさいカレーのひとこと返事', '🍛 たべもの', '37081069')]
2026-10-06 10:17:45 （Discord通知なし）新作を追加: ・ツンデレなアルマジロのひとこと返事（👋 あいさつ・返事） / ・こたつを出した日のひとこと返事（👋 あいさつ・返事） / ・ちいさなひよこワッペンのやさしい返事（👋 あいさつ・返事） / ・ぷっくりシールのきょうのひとこと（👋 あいさつ・返事） / ・もーウシのダジャレ毎日返事（👋 あいさつ・返事） / ・ポチったあとの毎日ひとこと（👋 あいさつ・返事） / ・やまびこ登山のひとこと返事（👋 あいさつ・返事） / ・ごめんなさいカレーのひとこと返事（🍛 たべもの）
2026-10-06 10:17:45 追加してpushしました: [('ツンデレなアルマジロのひとこと返事', '👋 あいさつ・返事', '37086290'), ('こたつを出した日のひとこと返事', '👋 あいさつ・返事', '37087233'), ('ちいさなひよこワッペンのやさしい返事', '👋 あいさつ・返事', '37086627'), ('ぷっくりシールのきょうのひとこと', '👋 あいさつ・返事', '37086652'), ('もーウシのダジャレ毎日返事', '👋 あいさつ・返事', '37081059'), ('ポチったあとの毎日ひとこと', '👋 あいさつ・返事', '37081095'), ('やまびこ登山のひとこと返事', '👋 あいさつ・返事', '37081061'), ('ごめんなさいカレーのひとこと返事', '🍛 たべもの', '37081069')]
2026-10-06 10:17:45 （Discord通知なし）新作を追加: ・ツンデレなアルマジロのひとこと返事（👋 あいさつ・返事） / ・こたつを出した日のひとこと返事（👋 あいさつ・返事） / ・ちいさなひよこワッペンのやさしい返事（👋 あいさつ・返事） / ・ぷっくりシールのきょうのひとこと（👋 あいさつ・返事） / ・もーウシのダジャレ毎日返事（👋 あいさつ・返事） / ・ポチったあとの毎日ひとこと（👋 あいさつ・返事） / ・やまびこ登山のひとこと返事（👋 あいさつ・返事） / ・ごめんなさいカレーのひとこと返事（🍛 たべもの）
✅ index.html を書き出しました（271作品）
2026-10-06 15:17:45 追加してpushしました: [('地球の友だちに送る宇宙人のひとこと', '👋 あいさつ・返事', '37086626'), ('ボールペン手書きの秋ノートひとこと', '🍂 季節・行事', '37086618'), ('毎日使えるカイロの気づかいひとこと', '👋 あいさつ・返事', '37086623'), ('折り紙のもみじの秋のひとこと', '🗾 方言・ご当地', '37081035'), ('はんこで押す気づかいひとこと', '💼 仕事・業務連絡', '37081036')]
2026-10-06 15:17:45 （Discord通知なし）新作を追加: ・地球の友だちに送る宇宙人のひとこと（👋 あいさつ・返事） / ・ボールペン手書きの秋ノートひとこと（🍂 季節・行事） / ・毎日使えるカイロの気づかいひとこと（👋 あいさつ・返事） / ・折り紙のもみじの秋のひとこと（🗾 方言・ご当地） / ・はんこで押す気づかいひとこと（💼 仕事・業務連絡）
2026-10-06 15:17:45 追加してpushしました: [('地球の友だちに送る宇宙人のひとこと', '👋 あいさつ・返事', '37086626'), ('ボールペン手書きの秋ノートひとこと', '🍂 季節・行事', '37086618'), ('毎日使えるカイロの気づかいひとこと', '👋 あいさつ・返事', '37086623'), ('折り紙のもみじの秋のひとこと', '🗾 方言・ご当地', '37081035'), ('はんこで押す気づかいひとこと', '💼 仕事・業務連絡', '37081036')]
2026-10-06 15:17:45 （Discord通知なし）新作を追加: ・地球の友だちに送る宇宙人のひとこと（👋 あいさつ・返事） / ・ボールペン手書きの秋ノートひとこと（🍂 季節・行事） / ・毎日使えるカイロの気づかいひとこと（👋 あいさつ・返事） / ・折り紙のもみじの秋のひとこと（🗾 方言・ご当地） / ・はんこで押す気づかいひとこと（💼 仕事・業務連絡）
2026-10-06 20:17:46 販売中だがストア未掲載（次回まで待つ）: ['酸っぱいほど正直なレモンの返事', 'デカドリンクで伝えるひとこと返事', '切り抜き文字で今どきのひとこと返事']
2026-10-06 20:17:46 販売中だがストア未掲載（次回まで待つ）: ['酸っぱいほど正直なレモンの返事', 'デカドリンクで伝えるひとこと返事', '切り抜き文字で今どきのひとこと返事']
✅ index.html を書き出しました（281作品）
2026-10-07 10:17:47 追加してpushしました: [('冬のおはよう返事ふとんのひとこと', '🍂 季節・行事', '37114258'), ('秋のあいさつ返事焼き芋のひとこと', '🍂 季節・行事', '37114250'), ('気づかい返事ふわふわ雲のひとこと', '👋 あいさつ・返事', '37114231'), ('空気を読みすぎるレッサーパンダの返事', '👋 あいさつ・返事', '37111775'), ('秋のひとこと返事がとどくステンドグラス', '🍂 季節・行事', '37107441'), ('鍋の夜のひとこと返事が使える土鍋', '👋 あいさつ・返事', '37107413'), ('酸っぱいほど正直なレモンの返事', '👋 あいさつ・返事', '37110254'), ('デカドリンクで伝えるひとこと返事', '👋 あいさつ・返事', '37110231'), ('切り抜き文字で今どきのひとこと返事', '👋 あいさつ・返事', '37110262'), ('黒板に書いた気づかいのひとこと', '👋 あいさつ・返事', '37107627')]
2026-10-07 10:17:47 （Discord通知なし）新作を追加: ・冬のおはよう返事ふとんのひとこと（🍂 季節・行事） / ・秋のあいさつ返事焼き芋のひとこと（🍂 季節・行事） / ・気づかい返事ふわふわ雲のひとこと（👋 あいさつ・返事） / ・空気を読みすぎるレッサーパンダの返事（👋 あいさつ・返事） / ・秋のひとこと返事がとどくステンドグラス（🍂 季節・行事） / ・鍋の夜のひとこと返事が使える土鍋（👋 あいさつ・返事） / ・酸っぱいほど正直なレモンの返事（👋 あいさつ・返事） / ・デカドリンクで伝えるひとこと返事（👋 あいさつ・返事） / ・切り抜き文字で今どきのひとこと返事（👋 あいさつ・返事） / ・黒板に書いた気づかいのひとこと（👋 あいさつ・返事）
2026-10-07 10:17:47 追加してpushしました: [('冬のおはよう返事ふとんのひとこと', '🍂 季節・行事', '37114258'), ('秋のあいさつ返事焼き芋のひとこと', '🍂 季節・行事', '37114250'), ('気づかい返事ふわふわ雲のひとこと', '👋 あいさつ・返事', '37114231'), ('空気を読みすぎるレッサーパンダの返事', '👋 あいさつ・返事', '37111775'), ('秋のひとこと返事がとどくステンドグラス', '🍂 季節・行事', '37107441'), ('鍋の夜のひとこと返事が使える土鍋', '👋 あいさつ・返事', '37107413'), ('酸っぱいほど正直なレモンの返事', '👋 あいさつ・返事', '37110254'), ('デカドリンクで伝えるひとこと返事', '👋 あいさつ・返事', '37110231'), ('切り抜き文字で今どきのひとこと返事', '👋 あいさつ・返事', '37110262'), ('黒板に書いた気づかいのひとこと', '👋 あいさつ・返事', '37107627')]
2026-10-07 10:17:47 （Discord通知なし）新作を追加: ・冬のおはよう返事ふとんのひとこと（🍂 季節・行事） / ・秋のあいさつ返事焼き芋のひとこと（🍂 季節・行事） / ・気づかい返事ふわふわ雲のひとこと（👋 あいさつ・返事） / ・空気を読みすぎるレッサーパンダの返事（👋 あいさつ・返事） / ・秋のひとこと返事がとどくステンドグラス（🍂 季節・行事） / ・鍋の夜のひとこと返事が使える土鍋（👋 あいさつ・返事） / ・酸っぱいほど正直なレモンの返事（👋 あいさつ・返事） / ・デカドリンクで伝えるひとこと返事（👋 あいさつ・返事） / ・切り抜き文字で今どきのひとこと返事（👋 あいさつ・返事） / ・黒板に書いた気づかいのひとこと（👋 あいさつ・返事）
2026-10-07 15:17:43 新作なし（販売中153・掲載281）
2026-10-07 15:17:43 新作なし（販売中153・掲載281）
✅ index.html を書き出しました（285作品）
2026-10-07 20:17:49 追加してpushしました: [('遠慮がちな返事カメのひとこと', '👋 あいさつ・返事', '37134137'), ('ギャル語返事平成ことばのひとこと', '👋 あいさつ・返事', '37134112'), ('ありがとう返事チョコのひとこと', '👋 あいさつ・返事', '37134109'), ('連休の返事予定とお誘いひとこと', '👋 あいさつ・返事', '37134134')]
2026-10-07 20:17:49 （Discord通知なし）新作を追加: ・遠慮がちな返事カメのひとこと（👋 あいさつ・返事） / ・ギャル語返事平成ことばのひとこと（👋 あいさつ・返事） / ・ありがとう返事チョコのひとこと（👋 あいさつ・返事） / ・連休の返事予定とお誘いひとこと（👋 あいさつ・返事）
2026-10-07 20:17:49 追加してpushしました: [('遠慮がちな返事カメのひとこと', '👋 あいさつ・返事', '37134137'), ('ギャル語返事平成ことばのひとこと', '👋 あいさつ・返事', '37134112'), ('ありがとう返事チョコのひとこと', '👋 あいさつ・返事', '37134109'), ('連休の返事予定とお誘いひとこと', '👋 あいさつ・返事', '37134134')]
2026-10-07 20:17:49 （Discord通知なし）新作を追加: ・遠慮がちな返事カメのひとこと（👋 あいさつ・返事） / ・ギャル語返事平成ことばのひとこと（👋 あいさつ・返事） / ・ありがとう返事チョコのひとこと（👋 あいさつ・返事） / ・連休の返事予定とお誘いひとこと（👋 あいさつ・返事）
✅ index.html を書き出しました（287作品）
2026-10-08 10:17:47 追加してpushしました: [('秋あいさつモンブランのひとこと', '🍂 季節・行事', '37143453'), ('気づかい返事かたっぽ靴下のひとこと', '👋 あいさつ・返事', '37143425')]
2026-10-08 10:17:47 （Discord通知なし）新作を追加: ・秋あいさつモンブランのひとこと（🍂 季節・行事） / ・気づかい返事かたっぽ靴下のひとこと（👋 あいさつ・返事）
2026-10-08 10:17:47 追加してpushしました: [('秋あいさつモンブランのひとこと', '🍂 季節・行事', '37143453'), ('気づかい返事かたっぽ靴下のひとこと', '👋 あいさつ・返事', '37143425')]
2026-10-08 10:17:47 （Discord通知なし）新作を追加: ・秋あいさつモンブランのひとこと（🍂 季節・行事） / ・気づかい返事かたっぽ靴下のひとこと（👋 あいさつ・返事）
✅ index.html を書き出しました（288作品）
2026-10-08 15:17:46 追加してpushしました: [('冬あいさつ雪だるまのひとこと', '🍂 季節・行事', '37143446')]
2026-10-08 15:17:46 （Discord通知なし）新作を追加: ・冬あいさつ雪だるまのひとこと（🍂 季節・行事）
2026-10-08 15:17:46 追加してpushしました: [('冬あいさつ雪だるまのひとこと', '🍂 季節・行事', '37143446')]
2026-10-08 15:17:46 （Discord通知なし）新作を追加: ・冬あいさつ雪だるまのひとこと（🍂 季節・行事）
✅ index.html を書き出しました（292作品）
